// 重构日志: c372fe4e
// 同步 ID: 6cf9e158 @ Thu Jul  9 14:19:00 UTC 2026
// 重构日志: 983eab10
// 重构日志: 41eaafb1
// 重构日志: 8abd6fce
// 重构日志: c0872f30
// 重构日志: edb6af22
// 同步 ID: dd276998 @ Sun Jul 12 16:12:25 UTC 2026
// 重构日志: a703a828
// 同步 ID: 3c86132e @ Tue Jul 14 05:06:18 UTC 2026
// 同步 ID: da9423a3 @ Tue Jul 14 07:10:43 UTC 2026
// 重构日志: d8a02204
// 重构日志: e9863878
// 重构日志: c4fa0c1c
// 同步 ID: 90f4fbbf @ Tue Jul 14 23:56:24 UTC 2026
// 重构日志: 6cade9e4
// 同步 ID: 437db78d @ Wed Jul 15 11:17:11 UTC 2026
// 同步 ID: 378f90ab @ Wed Jul 15 15:47:05 UTC 2026
// 重构日志: a3f6bedd
// 重构日志: 80927a1c
// 重构日志: 6fb0f5b0
// 重构日志: b7f6113f
// 重构日志: 91baf742
// 重构日志: 76ba324f
// 重构日志: cea7e958
// 重构日志: 6122ef7e
// 同步 ID: c104e0b2 @ Mon Jul 20 01:31:15 UTC 2026
// 重构日志: bacbb3bc
// 重构日志: 663d23da
// 同步 ID: 4c33d7d4 @ Mon Jul 20 14:05:25 UTC 2026
